src/components/ui/TournamentApplicationTemplate/TournamentApplicationTemplate.tsx(5,49): error TS2305: Module '"@/lib/firebase/applicationService"' has no exported member 'createNotification'.
src/components/ui/TournamentApplicationTemplate/TournamentApplicationTemplate.tsx(5,69): error TS2305: Module '"@/lib/firebase/applicationService"' has no exported member 'findUserByPhone'.
